
> mcs-chat@0.1.0 build
> next build

Ôû▓ Next.js 16.2.1 (Turbopack)
- Environments: .env.local

node.exe : ÔÜá The "middleware" file convention is 
deprecated. Please use "proxy" instead. Learn more: 
https://nextjs.org/docs/messages/middleware-to-proxy
No linha:1 caractere:1
+ & "C:\Program Files\nodejs/node.exe" 
"C:\Users\theva\AppData\Roaming\ ...
+ ~~~~~~~~~~~~~~~~~~~~~~~~~~~~~~~~~~~~~~~~~~~~~~~~~~~~~~~~~
~~~~~~~~~~~~
    + CategoryInfo          : NotSpecified: (ÔÜá The "midd 
   le...leware-to-proxy:String) [], RemoteException
    + FullyQualifiedErrorId : NativeCommandError
 
  Creating an optimized production build ...
Ô£ô Compiled successfully in 5.3s
  Running TypeScript ...
  Finished TypeScript in 8.4s ...
  Collecting page data using 11 workers ...
  Generating static pages using 11 workers (0/18) ...
  Generating static pages using 11 workers (4/18) 
  Generating static pages using 11 workers (8/18) 
  Generating static pages using 11 workers (13/18) 
Ô£ô Generating static pages using 11 workers (18/18) in 471ms
  Finalizing page optimization ...

Route (app)
Ôöî Ôùï /
Ôö£ Ôùï /_not-found
Ôö£ ãÆ /api/chat/campaign
Ôö£ ãÆ /api/chat/send
Ôö£ ãÆ /api/cron/process-schedules
Ôö£ ãÆ /api/webhooks/evolution/[[...slug]]
Ôö£ Ôùï /inbox
Ôö£ ãÆ /inbox/[id]
Ôö£ Ôùï /inbox/admin
Ôö£ Ôùï /inbox/admin/audit
Ôö£ Ôùï /inbox/admin/channels
Ôö£ Ôùï /inbox/admin/departments
Ôö£ Ôùï /inbox/admin/integrations
Ôö£ Ôùï /inbox/admin/quick-replies
Ôö£ Ôùï /inbox/admin/roles
Ôö£ Ôùï /inbox/admin/users
Ôö£ Ôùï /inbox/agenda
Ôö£ Ôùï /inbox/automations
Ôöö Ôùï /inbox/captain


ãÆ Proxy (Middleware)

Ôùï  (Static)   prerendered as static content
ãÆ  (Dynamic)  server-rendered on demand

